{"logTime": "0917/023425", "correlationVector":"XAgGmzAH/NNQ0/TXfiUE0n.1","action":"SyncServerConnectionManagerRequest", "result":"SYNC_SERVER_OK", "context":{"environment":"Prod_brazilsouth_prod-s01-001-sam-brazilsouth", "migrationStage":"NotStarted", "server":"akswtt0070000g2"}}
{"logTime": "0917/023425", "correlationVector":"XAgGmzAH/NNQ0/TXfiUE0n.2","action":"ProcessGetUpdates", "result":"Done", "context":{"dataType":"Encryption Keys", "deleted":"0", "process_failed_to_decrypt":"0", "process_pending_decryption":"0", "process_success":"1", "total":"1"}}
{"logTime": "0917/023425", "correlationVector":"cmuYCgA7zRL5gP+bY/TFat","action":"SyncServerConnectionManagerRequest", "result":"SYNC_SERVER_OK", "context":{"environment":"", "migrationStage":"", "server":""}}
{"logTime": "0917/023425", "correlationVector":"cmuYCgA7zRL5gP+bY/TFat.0","action":"EncryptionKeysFetcher.DownloadKeys:", "result":"Success", "context":Key count: 8, Last key timestamp: 2026-08-03T21:39:08Z}
{"logTime": "0917/023425", "correlationVector":"cmuYCgA7zRL5gP+bY/TFat.1","action":"EncryptionKeysManager::SetEncryptionKeys:", "result":"Success", "context":Key names[8]:[xr0yJgO/rgHmF9Hi7jn2sGBnjumFKNQHVAkOg3ETWen8PeGGZ39ZG6NYI7xqyAxRqveCv7S7L+YiYcrwc/Ff3A==][hKYzNRoOMIMQ9Sxw/t6r+q5RVBWSSSRUkyUqZxOBshAZx3C5fJKm0HTIB7m5yvoA3Y+2vv4FwQHsz1td1bWAQQ==][dLvsxe11xNbKf7vT0meyODbsbhvgk9/DRG3GYjerjewDMs/77TTseD3+eckmHEtithdRUrPpoCgBNI4lWT/5SA==][0HDZHglTS+eAv+M/+uOqjvPCi45NgwITtNWQad3rbfyNWXC0wQHwPnbAU6DJqTstRsnEWQMvu7oc6kMzFfdQCA==][sR4RSUjXOKTGz+KJKbBWfv2aO42aXq+wbpw3plHEQojYda8u478jt31P4IBjnIKzXTIqCYrXbihuOkVlzjPYqg==][fbTTMwwaLWH0FuPiEhiuhnU3CSqFtOq36d0vwHU8NDj48uTNIEhkyFIEmyKdIgR8DRaknxqI3wOc/r9656Nwhw==][ufm/drs36CqNkUnDsVL6K5l0X22eRY3BkjdA6lefLDqVAjYeSqLigq4iljkc956GrWyoskTSSwvgD585KSAZEw==][lZ5uVG4QCrbS00Sag0x6vcl85XSPkw8/E0A2NfCtuzZ+1HLXcifPMErCvwBzIoDGmcbYXfzYfNsMCAJl7Zj0Mw==]}
{"logTime": "0917/023425", "correlationVector":"cmuYCgA7zRL5gP+bY/TFat.2","action":"EncryptionKeysManager::SetEncryptionKeysWithTimestamps:", "result":"Success", "context":Key timestamps[8]:[2021-11-23T22:15:45Z][2023-09-16T05:20:19Z][2024-03-18T15:09:12Z][2024-09-24T04:13:07Z][2025-03-24T23:49:47Z][2025-05-11T12:31:57Z][2025-11-10T21:07:49Z][2026-08-03T21:39:08Z]}
{"logTime": "0917/023425", "correlationVector":"XAgGmzAH/NNQ0/TXfiUE0n","action":"Initial GetUpdates", "result":"", "context":Reason: NEW_CLIENT. cV=XAgGmzAH/NNQ0/TXfiUE0n}
{"logTime": "0917/023425", "correlationVector":"XAgGmzAH/NNQ0/TXfiUE0n.3","action":"GetUpdates Response", "result":"Success", "context":Received 1 update(s). cV=XAgGmzAH/NNQ0/TXfiUE0n.0;server=akswtt0070000g2;cloudType=Consumer;environment=Prod_brazilsouth_prod-s01-001-sam-brazilsouth;migrationStage=NotStarted}
{"logTime": "0917/023425", "correlationVector":"q2gPrRF5PZMkmRPg1hZZtJ","action":"Initial GetUpdates", "result":"", "context":Reason: NEWLY_SUPPORTED_DATATYPE. cV=q2gPrRF5PZMkmRPg1hZZtJ}
{"logTime": "0917/023426", "correlationVector":"q2gPrRF5PZMkmRPg1hZZtJ.1","action":"SyncServerConnectionManagerRequest", "result":"SYNC_SERVER_OK", "context":{"environment":"Prod_brazilsouth_prod-s01-001-sam-brazilsouth", "migrationStage":"NotStarted", "server":"akswtt0070000fj"}}
{"logTime": "0917/023426", "correlationVector":"q2gPrRF5PZMkmRPg1hZZtJ.2","action":"ProcessGetUpdates", "result":"Done", "context":{"dataType":"Passwords", "deleted":"0", "process_failed_to_decrypt":"0", "process_pending_decryption":"0", "process_success":"44", "total":"44"}}
{"logTime": "0917/023426", "correlationVector":"q2gPrRF5PZMkmRPg1hZZtJ.3","action":"ProcessGetUpdates", "result":"Done", "context":{"dataType":"Device Info", "deleted":"0", "process_failed_to_decrypt":"0", "process_pending_decryption":"0", "process_success":"18", "total":"18"}}
{"logTime": "0917/023426", "correlationVector":"q2gPrRF5PZMkmRPg1hZZtJ.4","action":"GetUpdates Response", "result":"Success", "context":Received 62 update(s). cV=q2gPrRF5PZMkmRPg1hZZtJ.0;server=akswtt0070000fj;cloudType=Consumer;environment=Prod_brazilsouth_prod-s01-001-sam-brazilsouth;migrationStage=NotStarted}
{"logTime": "0917/023426", "correlationVector":"PEt+cKmD26/0Zl1cDHGIXa","action":"Initial GetUpdates", "result":"", "context":Reason: NEWLY_SUPPORTED_DATATYPE. cV=PEt+cKmD26/0Zl1cDHGIXa}
{"logTime": "0917/023427", "correlationVector":"PEt+cKmD26/0Zl1cDHGIXa.1","action":"SyncServerConnectionManagerRequest", "result":"SYNC_SERVER_OK", "context":{"environment":"Prod_brazilsouth_prod-s01-001-sam-brazilsouth", "migrationStage":"NotStarted", "server":"akswtt00700008s"}}
{"logTime": "0917/023427", "correlationVector":"PEt+cKmD26/0Zl1cDHGIXa.2","action":"ProcessGetUpdates", "result":"Done", "context":{"dataType":"Bookmarks", "deleted":"4", "process_failed_to_decrypt":"0", "process_pending_decryption":"0", "process_success":"25", "total":"25"}}
{"logTime": "0917/023427", "correlationVector":"PEt+cKmD26/0Zl1cDHGIXa.3","action":"ProcessGetUpdates", "result":"Done", "context":{"dataType":"Preferences", "deleted":"0", "process_failed_to_decrypt":"0", "process_pending_decryption":"0", "process_success":"79", "total":"79"}}
{"logTime": "0917/023427", "correlationVector":"PEt+cKmD26/0Zl1cDHGIXa.4","action":"ProcessGetUpdates", "result":"Done", "context":{"dataType":"Autofill Profiles", "deleted":"3", "process_failed_to_decrypt":"0", "process_pending_decryption":"0", "process_success":"4", "total":"4"}}
{"logTime": "0917/023427", "correlationVector":"PEt+cKmD26/0Zl1cDHGIXa.5","action":"ProcessGetUpdates", "result":"Done", "context":{"dataType":"Autofill", "deleted":"0", "process_failed_to_decrypt":"0", "process_pending_decryption":"0", "process_success":"27", "total":"27"}}
{"logTime": "0917/023427", "correlationVector":"PEt+cKmD26/0Zl1cDHGIXa.6","action":"ProcessGetUpdates", "result":"Done", "context":{"dataType":"Extensions", "deleted":"1", "process_failed_to_decrypt":"0", "process_pending_decryption":"0", "process_success":"4", "total":"4"}}
{"logTime": "0917/023427", "correlationVector":"PEt+cKmD26/0Zl1cDHGIXa.7","action":"ProcessGetUpdates", "result":"Done", "context":{"dataType":"Sessions", "deleted":"25", "process_failed_to_decrypt":"0", "process_pending_decryption":"0", "process_success":"39", "total":"39"}}
{"logTime": "0917/023427", "correlationVector":"PEt+cKmD26/0Zl1cDHGIXa.8","action":"ProcessGetUpdates", "result":"Done", "context":{"dataType":"Extension settings", "deleted":"0", "process_failed_to_decrypt":"0", "process_pending_decryption":"0", "process_success":"7", "total":"7"}}
{"logTime": "0917/023427", "correlationVector":"PEt+cKmD26/0Zl1cDHGIXa.9","action":"GetUpdates Response", "result":"Success", "context":Received 185 update(s). cV=PEt+cKmD26/0Zl1cDHGIXa.0;server=akswtt00700008s;cloudType=Consumer;environment=Prod_brazilsouth_prod-s01-001-sam-brazilsouth;migrationStage=NotStarted}
{"logTime": "0917/023427", "correlationVector":"zeu4xXpP3w0VL9x2MST15r","action":"Initial GetUpdates", "result":"", "context":Reason: NEWLY_SUPPORTED_DATATYPE. cV=zeu4xXpP3w0VL9x2MST15r}
{"logTime": "0917/023427", "correlationVector":"zeu4xXpP3w0VL9x2MST15r.1","action":"SyncServerConnectionManagerRequest", "result":"SYNC_SERVER_OK", "context":{"environment":"Prod_brazilsouth_prod-s01-001-sam-brazilsouth", "migrationStage":"NotStarted", "server":"akswtt0070000fl"}}
{"logTime": "0917/023427", "correlationVector":"zeu4xXpP3w0VL9x2MST15r.2","action":"ProcessGetUpdates", "result":"Done", "context":{"dataType":"History", "deleted":"0", "process_failed_to_decrypt":"0", "process_pending_decryption":"0", "process_success":"95", "total":"95"}}
{"logTime": "0917/023427", "correlationVector":"zeu4xXpP3w0VL9x2MST15r.3","action":"GetUpdates Response", "result":"Success", "context":Received 95 update(s). cV=zeu4xXpP3w0VL9x2MST15r.0;server=akswtt0070000fl;cloudType=Consumer;environment=Prod_brazilsouth_prod-s01-001-sam-brazilsouth;migrationStage=NotStarted}
{"logTime": "0917/023428", "correlationVector":"ayGul/NZnpJQfGoROBBsBe","action":"Normal GetUpdate request", "result":"", "context":cV=ayGul/NZnpJQfGoROBBsBe
Nudged types: Sessions, Device Info, User Consents
Refresh requested types: Bookmarks, Preferences, Passwords, Autofill Profiles, Autofill, Extensions, Sessions, Extension settings, History Delete Directives, Device Info, User Consents, Send Tab To Self, Web Apps, History, Saved Tab Group, WebAuthn Credentials, Edge Hub App Usage, Edge Workspace, Encryption Keys}
{"logTime": "0917/023428", "correlationVector":"ayGul/NZnpJQfGoROBBsBe.1","action":"SyncServerConnectionManagerRequest", "result":"SYNC_SERVER_OK", "context":{"environment":"Prod_brazilsouth_prod-s01-001-sam-brazilsouth", "migrationStage":"NotStarted", "server":"akswtt0070000j2"}}
{"logTime": "0917/023428", "correlationVector":"ayGul/NZnpJQfGoROBBsBe.2","action":"GetUpdates Response", "result":"Success", "context":Received 0 update(s). cV=ayGul/NZnpJQfGoROBBsBe.0;server=akswtt0070000j2;cloudType=Consumer;environment=Prod_brazilsouth_prod-s01-001-sam-brazilsouth;migrationStage=NotStarted}
{"logTime": "0917/023428", "correlationVector":"CLYLzdMg9Wz9enI2g5JpVu","action":"DoCompareDataConsistency: ", "result":"has local changes and skip compare"}
{"logTime": "0917/023428", "correlationVector":"cQ8HOtfvyUCFjdVeu8WDbL","action":"Commit Request", "result":"", "context":Item count: 5
Contributing types: Sessions, Device Info, User Consents, History}
{"logTime": "0917/023430", "correlationVector":"cQ8HOtfvyUCFjdVeu8WDbL.1","action":"SyncServerConnectionManagerRequest", "result":"SYNC_SERVER_OK", "context":{"environment":"Prod_brazilsouth_prod-s01-001-sam-brazilsouth", "migrationStage":"NotStarted", "server":"akswtt0070000fl"}}
{"logTime": "0917/023430", "correlationVector":"cQ8HOtfvyUCFjdVeu8WDbL.2","action":"Commit Response", "result":"Success", "context":Result: Success. cV=cQ8HOtfvyUCFjdVeu8WDbL.0;server=akswtt0070000fl;cloudType=Consumer;environment=Prod_brazilsouth_prod-s01-001-sam-brazilsouth;migrationStage=NotStarted}
{"logTime": "0917/023522", "correlationVector":"w5citdZIFlYz8ZwMlWGTj+","action":"Commit Request", "result":"", "context":Item count: 28
Contributing types: Passwords, Sessions, History}
{"logTime": "0917/023527", "correlationVector":"w5citdZIFlYz8ZwMlWGTj+.1","action":"SyncServerConnectionManagerRequest", "result":"SYNC_SERVER_OK", "context":{"environment":"Prod_brazilsouth_prod-s01-001-sam-brazilsouth", "migrationStage":"NotStarted", "server":"akswtt00700008s"}}
{"logTime": "0917/023527", "correlationVector":"w5citdZIFlYz8ZwMlWGTj+.2","action":"Commit Response", "result":"Success", "context":Result: Success. cV=w5citdZIFlYz8ZwMlWGTj+.0;server=akswtt00700008s;cloudType=Consumer;environment=Prod_brazilsouth_prod-s01-001-sam-brazilsouth;migrationStage=NotStarted}
{"logTime": "0917/024404", "correlationVector":"K3/drAYmEsEJBwGsWGfDeh","action":"Commit Request", "result":"", "context":Item count: 3
Contributing types: Sessions, History}
{"logTime": "0917/024405", "correlationVector":"K3/drAYmEsEJBwGsWGfDeh.1","action":"SyncServerConnectionManagerRequest", "result":"SYNC_SERVER_OK", "context":{"environment":"Prod_brazilsouth_prod-s01-001-sam-brazilsouth", "migrationStage":"NotStarted", "server":"akswtt0070000fr"}}
{"logTime": "0917/024405", "correlationVector":"K3/drAYmEsEJBwGsWGfDeh.2","action":"Commit Response", "result":"Success", "context":Result: Success. cV=K3/drAYmEsEJBwGsWGfDeh.0;server=akswtt0070000fr;cloudType=Consumer;environment=Prod_brazilsouth_prod-s01-001-sam-brazilsouth;migrationStage=NotStarted}
